#-----------------------------------------------------------
# Vivado v2020.1 (64-bit)
# SW Build 2902540 on Wed May 27 19:54:35 MDT 2020
# IP Build 2902112 on Wed May 27 22:43:36 MDT 2020
# Start of session at: Thu Oct 22 22:02:53 2020
# Process ID: 25685
# Current directory: /home/denjo/risc/work
# Command line: vivado
# Log file: /home/denjo/risc/work/vivado.log
# Journal file: /home/denjo/risc/work/vivado.jou
#-----------------------------------------------------------
start_gui
create_project adder4 /home/denjo/risc/work/adder4 -part xc7a200tsbg484-1
set_property board_part digilentinc.com:nexys_video:part0:1.1 [current_project]
add_files -norecurse {/home/denjo/risc/practice/adder.v /home/denjo/risc/practice/top_module.v}
add_files -fileset sim_1 -norecurse /home/denjo/risc/practice/testbench.v
add_files -fileset constrs_1 -norecurse /home/denjo/risc/practice/nexys.xdc
update_compile_order -fileset sources_1
launch_simulation
source testbench.tcl
launch_runs impl_1 -to_step write_bitstream -jobs 2
wait_on_run impl_1
open_hw_manager
close_sim
